// Jest Snapshot v1, https://goo.gl/fbAQLP

exports[`LoginPage render halaman login sesuai spesifikasi 1`] = `
{
  "asFragment": [Function],
  "baseElement": <body>
    <div>
      <div
        class="relative min-h-screen before:absolute before:inset-0 before:bg-[url('/images/bg/bg-layer-mobile.png')] before:bg-cover before:opacity-30 md:before:hidden"
      >
        <main
          class="container !px-4 pb-4 lg:pb-0"
        >
          <div
            class="relative max-w-max pt-8 lg:hidden"
          >
            <a
              href="/"
            >
              <img
                alt="back"
                data-nimg="1"
                decoding="async"
                height="24"
                loading="lazy"
                src="/images/icons/arrow-bold.svg"
                style="color: transparent;"
                width="24"
              />
            </a>
          </div>
          <div
            class="relative z-40 mx-auto mt-4 w-full rounded-[12px] bg-white p-1 pb-5 sm:max-w-[478px] lg:fixed lg:left-1/2 lg:top-[110px] lg:mt-0 lg:-translate-x-1/2 lg:p-5 lg:pb-8"
          >
            <img
              alt="login"
              class="w-full rounded-lg object-contain lg:hidden"
              data-nimg="1"
              decoding="async"
              height="219"
              loading="lazy"
              src="/_next/image?url=%2Fimages%2Fbg%2Fbg-register-mobile.webp&w=750&q=75"
              srcset="/_next/image?url=%2Fimages%2Fbg%2Fbg-register-mobile.webp&w=384&q=75 1x, /_next/image?url=%2Fimages%2Fbg%2Fbg-register-mobile.webp&w=750&q=75 2x"
              style="color: transparent;"
              width="360"
            />
            <h1
              class="pl-3 pt-4 text-base font-bold text-[#49A794] md:text-xl lg:pt-0 lg:text-[26px]"
            >
              Login
            </h1>
            <p
              class="dm-sans mt-1 pl-3 pt-1 text-sm text-[#474747] lg:pt-0 lg:text-base"
            >
              Belum punya akun? 
              <span
                class="text-green-primary cursor-pointer underline underline-offset-2 hover:opacity-70"
              >
                <a
                  href="/register"
                >
                  Daftar
                </a>
              </span>
            </p>
            <form
              class="mt-5 px-3 lg:mt-6"
            >
              <label
                class="text-gray-secondary !lg:text-base dm-sans block !text-sm pb-2"
                for="username"
              >
                Email
              </label>
              <div
                class="text-sm lg:text-base"
                id="username"
              >
                <div
                  class="form-content relative z-0"
                >
                  <input
                    class="focus:shadow-outline relative z-0 w-full appearance-none rounded-lg border py-3 leading-tight text-gray-700 focus:outline-none px-3"
                    id="username"
                    name="username"
                    placeholder="Masukkan email"
                    type="text"
                  />
                  <div
                    class="icon-left"
                  />
                </div>
              </div>
              <label
                class="text-gray-secondary !lg:text-base dm-sans block !text-sm mb-2 mt-4 text-gray-700"
                for="password"
              >
                Password
              </label>
              <div
                class="text-sm lg:text-base"
                id="password"
              >
                <div
                  class="form-content relative z-0"
                >
                  <input
                    class="focus:shadow-outline relative z-0 w-full appearance-none rounded-lg border py-3 leading-tight text-gray-700 focus:outline-none pl-3 pr-10"
                    id="password"
                    name="password"
                    placeholder="Masukkan password kamu disini"
                    type="password"
                  />
                  <div
                    class="absolute right-4 top-1/2 -translate-y-1/2 cursor-pointer"
                  >
                    <img
                      alt="hide"
                      class="h-6 w-6"
                      data-nimg="1"
                      decoding="async"
                      height="24"
                      loading="lazy"
                      src="/images/icons/eye-slash.svg"
                      style="color: transparent;"
                      width="24"
                    />
                  </div>
                </div>
              </div>
              <div
                class="dm-sans mt-5 flex items-center justify-between text-sm lg:mt-4 lg:text-base"
              >
                <section
                  class="flex items-center gap-2 lg:gap-3"
                >
                  <div>
                    <section>
                      <svg
                        class="h-4 w-4 cursor-pointer lg:h-6 lg:w-6"
                        fill="none"
                        height="24"
                        viewBox="0 0 24 24"
                        width="24"
                        xmlns="http://www.w3.org/2000/svg"
                      >
                        <rect
                          fill="white"
                          height="23"
                          rx="3.5"
                          stroke="#D9D9D9"
                          width="23"
                          x="0.5"
                          y="0.5"
                        />
                      </svg>
                    </section>
                  </div>
                  <p>
                    Ingatkan saya
                  </p>
                </section>
                <p
                  class="cursor-pointer text-[#25BCAF]"
                >
                  Lupa password?
                </p>
              </div>
              <button
                class="btn btn-null dm-sans mt-7 !h-[42px] w-full bg-[#08A081] text-sm font-bold text-white lg:mt-9 lg:!h-[54px] lg:text-base undefined"
                type="submit"
              >
                <div
                  class="undefined"
                >
                  Login
                </div>
              </button>
            </form>
          </div>
        </main>
      </div>
    </div>
  </body>,
  "container": <div>
    <div
      class="relative min-h-screen before:absolute before:inset-0 before:bg-[url('/images/bg/bg-layer-mobile.png')] before:bg-cover before:opacity-30 md:before:hidden"
    >
      <main
        class="container !px-4 pb-4 lg:pb-0"
      >
        <div
          class="relative max-w-max pt-8 lg:hidden"
        >
          <a
            href="/"
          >
            <img
              alt="back"
              data-nimg="1"
              decoding="async"
              height="24"
              loading="lazy"
              src="/images/icons/arrow-bold.svg"
              style="color: transparent;"
              width="24"
            />
          </a>
        </div>
        <div
          class="relative z-40 mx-auto mt-4 w-full rounded-[12px] bg-white p-1 pb-5 sm:max-w-[478px] lg:fixed lg:left-1/2 lg:top-[110px] lg:mt-0 lg:-translate-x-1/2 lg:p-5 lg:pb-8"
        >
          <img
            alt="login"
            class="w-full rounded-lg object-contain lg:hidden"
            data-nimg="1"
            decoding="async"
            height="219"
            loading="lazy"
            src="/_next/image?url=%2Fimages%2Fbg%2Fbg-register-mobile.webp&w=750&q=75"
            srcset="/_next/image?url=%2Fimages%2Fbg%2Fbg-register-mobile.webp&w=384&q=75 1x, /_next/image?url=%2Fimages%2Fbg%2Fbg-register-mobile.webp&w=750&q=75 2x"
            style="color: transparent;"
            width="360"
          />
          <h1
            class="pl-3 pt-4 text-base font-bold text-[#49A794] md:text-xl lg:pt-0 lg:text-[26px]"
          >
            Login
          </h1>
          <p
            class="dm-sans mt-1 pl-3 pt-1 text-sm text-[#474747] lg:pt-0 lg:text-base"
          >
            Belum punya akun? 
            <span
              class="text-green-primary cursor-pointer underline underline-offset-2 hover:opacity-70"
            >
              <a
                href="/register"
              >
                Daftar
              </a>
            </span>
          </p>
          <form
            class="mt-5 px-3 lg:mt-6"
          >
            <label
              class="text-gray-secondary !lg:text-base dm-sans block !text-sm pb-2"
              for="username"
            >
              Email
            </label>
            <div
              class="text-sm lg:text-base"
              id="username"
            >
              <div
                class="form-content relative z-0"
              >
                <input
                  class="focus:shadow-outline relative z-0 w-full appearance-none rounded-lg border py-3 leading-tight text-gray-700 focus:outline-none px-3"
                  id="username"
                  name="username"
                  placeholder="Masukkan email"
                  type="text"
                />
                <div
                  class="icon-left"
                />
              </div>
            </div>
            <label
              class="text-gray-secondary !lg:text-base dm-sans block !text-sm mb-2 mt-4 text-gray-700"
              for="password"
            >
              Password
            </label>
            <div
              class="text-sm lg:text-base"
              id="password"
            >
              <div
                class="form-content relative z-0"
              >
                <input
                  class="focus:shadow-outline relative z-0 w-full appearance-none rounded-lg border py-3 leading-tight text-gray-700 focus:outline-none pl-3 pr-10"
                  id="password"
                  name="password"
                  placeholder="Masukkan password kamu disini"
                  type="password"
                />
                <div
                  class="absolute right-4 top-1/2 -translate-y-1/2 cursor-pointer"
                >
                  <img
                    alt="hide"
                    class="h-6 w-6"
                    data-nimg="1"
                    decoding="async"
                    height="24"
                    loading="lazy"
                    src="/images/icons/eye-slash.svg"
                    style="color: transparent;"
                    width="24"
                  />
                </div>
              </div>
            </div>
            <div
              class="dm-sans mt-5 flex items-center justify-between text-sm lg:mt-4 lg:text-base"
            >
              <section
                class="flex items-center gap-2 lg:gap-3"
              >
                <div>
                  <section>
                    <svg
                      class="h-4 w-4 cursor-pointer lg:h-6 lg:w-6"
                      fill="none"
                      height="24"
                      viewBox="0 0 24 24"
                      width="24"
                      xmlns="http://www.w3.org/2000/svg"
                    >
                      <rect
                        fill="white"
                        height="23"
                        rx="3.5"
                        stroke="#D9D9D9"
                        width="23"
                        x="0.5"
                        y="0.5"
                      />
                    </svg>
                  </section>
                </div>
                <p>
                  Ingatkan saya
                </p>
              </section>
              <p
                class="cursor-pointer text-[#25BCAF]"
              >
                Lupa password?
              </p>
            </div>
            <button
              class="btn btn-null dm-sans mt-7 !h-[42px] w-full bg-[#08A081] text-sm font-bold text-white lg:mt-9 lg:!h-[54px] lg:text-base undefined"
              type="submit"
            >
              <div
                class="undefined"
              >
                Login
              </div>
            </button>
          </form>
        </div>
      </main>
    </div>
  </div>,
  "debug": [Function],
  "findAllByAltText": [Function],
  "findAllByDisplayValue": [Function],
  "findAllByLabelText": [Function],
  "findAllByPlaceholderText": [Function],
  "findAllByRole": [Function],
  "findAllByTestId": [Function],
  "findAllByText": [Function],
  "findAllByTitle": [Function],
  "findByAltText": [Function],
  "findByDisplayValue": [Function],
  "findByLabelText": [Function],
  "findByPlaceholderText": [Function],
  "findByRole": [Function],
  "findByTestId": [Function],
  "findByText": [Function],
  "findByTitle": [Function],
  "getAllByAltText": [Function],
  "getAllByDisplayValue": [Function],
  "getAllByLabelText": [Function],
  "getAllByPlaceholderText": [Function],
  "getAllByRole": [Function],
  "getAllByTestId": [Function],
  "getAllByText": [Function],
  "getAllByTitle": [Function],
  "getByAltText": [Function],
  "getByDisplayValue": [Function],
  "getByLabelText": [Function],
  "getByPlaceholderText": [Function],
  "getByRole": [Function],
  "getByTestId": [Function],
  "getByText": [Function],
  "getByTitle": [Function],
  "queryAllByAltText": [Function],
  "queryAllByDisplayValue": [Function],
  "queryAllByLabelText": [Function],
  "queryAllByPlaceholderText": [Function],
  "queryAllByRole": [Function],
  "queryAllByTestId": [Function],
  "queryAllByText": [Function],
  "queryAllByTitle": [Function],
  "queryByAltText": [Function],
  "queryByDisplayValue": [Function],
  "queryByLabelText": [Function],
  "queryByPlaceholderText": [Function],
  "queryByRole": [Function],
  "queryByTestId": [Function],
  "queryByText": [Function],
  "queryByTitle": [Function],
  "rerender": [Function],
  "unmount": [Function],
}
`;
